2026-07-06T13:59:27.725326Z 00O [0KRunning with gitlab-runner 19.1.1 (24b9b726)[0;m
2026-07-06T13:59:27.725343Z 00O [0K  on civitas-runner 6oKhAjL2q, system ID: r_8AMBSIoPAeHO[0;m
2026-07-06T13:59:27.725371Z 00O [0K[36;1mResolving secrets[0;m[0;m
2026-07-06T13:59:27.725511Z 00O section_start:1783346367:prepare_executor
[0K
2026-07-06T13:59:27.725515Z 00O+[0K[36;1mPreparing the "docker" executor[0;m[0;m
2026-07-06T13:59:27.746881Z 00O [0KUsing Docker executor with image registry.gitlab.com/civitas-connect/civitas-core/civitas-core-v2/civitas-core-deployment/cicd:a1aebd6 ...[0;m
2026-07-06T13:59:30.166035Z 00O [0KUsing effective pull policy of [always] for container registry.gitlab.com/civitas-connect/civitas-core/civitas-core-v2/civitas-core-deployment/cicd:a1aebd6[0;m
2026-07-06T13:59:30.193770Z 00O [0KAuthenticating with credentials from job payload (GitLab Registry)[0;m
2026-07-06T13:59:30.193788Z 00O [0KPulling docker image registry.gitlab.com/civitas-connect/civitas-core/civitas-core-v2/civitas-core-deployment/cicd:a1aebd6 ...[0;m
2026-07-06T13:59:31.910171Z 00O [0KUsing docker image sha256:6bb4595c29d017acaba45d833685325471ba34c4ae3ead2b9bff4bf5cc1eb0f8 for registry.gitlab.com/civitas-connect/civitas-core/civitas-core-v2/civitas-core-deployment/cicd:a1aebd6 with digest registry.gitlab.com/civitas-connect/civitas-core/civitas-core-v2/civitas-core-deployment/cicd@sha256:6bb4595c29d017acaba45d833685325471ba34c4ae3ead2b9bff4bf5cc1eb0f8 ...[0;m
2026-07-06T13:59:31.910196Z 00O section_end:1783346371:prepare_executor
[0K
2026-07-06T13:59:31.910327Z 00O+section_start:1783346371:prepare_script
[0K
2026-07-06T13:59:31.910333Z 00O+[0K[36;1mPreparing environment[0;m[0;m
2026-07-06T13:59:31.937328Z 00O [0KUsing effective pull policy of [always] for container sha256:f17f25e8428571192749e731363e178a330d7023d4eaaea28fd7727889178fc8[0;m
2026-07-06T13:59:32.227321Z 01O Running on runner-6okhajl2q-project-72402330-concurrent-0 via f91aef1eb28a...
2026-07-06T13:59:32.514031Z 00O section_end:1783346372:prepare_script
[0K
2026-07-06T13:59:32.514627Z 00O+section_start:1783346372:get_sources
[0K
2026-07-06T13:59:32.514634Z 00O+[0K[36;1mGetting source from Git repository[0;m[0;m
2026-07-06T13:59:32.769165Z 01O [32;1mGitaly correlation ID: a16f21462a88d2a5-FRA[0;m
2026-07-06T13:59:32.778359Z 01O [32;1mFetching changes with git depth set to 20...[0;m
2026-07-06T13:59:32.780393Z 01O Reinitialized existing Git repository in /builds/civitas-connect/civitas-core/civitas-core-v2/civitas-core-deployment/.git/
2026-07-06T13:59:32.782739Z 01O [32;1mCreated fresh repository.[0;m
2026-07-06T13:59:33.669051Z 01O [32;1mChecking out 6759efcd as detached HEAD (ref is 1617-nightly-system-test-pipeline)...[0;m
2026-07-06T13:59:33.676895Z 01O Removing deployment/
2026-07-06T13:59:33.724568Z 01O 
2026-07-06T13:59:33.724580Z 01O [32;1mSkipping Git submodules setup[0;m
2026-07-06T13:59:34.014350Z 00O section_end:1783346374:get_sources
[0K
2026-07-06T13:59:34.015937Z 00O+section_start:1783346374:step_script
[0K
2026-07-06T13:59:34.015952Z 00O+[0K[36;1mExecuting "step_script" stage of the job script[0;m[0;m
2026-07-06T13:59:34.015970Z 00O [0KUsing effective pull policy of [always] for container registry.gitlab.com/civitas-connect/civitas-core/civitas-core-v2/civitas-core-deployment/cicd:a1aebd6[0;m
2026-07-06T13:59:34.048394Z 00O [0KUsing docker image sha256:6bb4595c29d017acaba45d833685325471ba34c4ae3ead2b9bff4bf5cc1eb0f8 for registry.gitlab.com/civitas-connect/civitas-core/civitas-core-v2/civitas-core-deployment/cicd:a1aebd6 with digest registry.gitlab.com/civitas-connect/civitas-core/civitas-core-v2/civitas-core-deployment/cicd@sha256:6bb4595c29d017acaba45d833685325471ba34c4ae3ead2b9bff4bf5cc1eb0f8 ...[0;m
2026-07-06T13:59:34.375476Z 01O [32;1m$ apk add --no-cache openjdk21-jdk maven[0;m
2026-07-06T13:59:34.718277Z 01O ( 1/26) Installing java-common (1.0-r1)
2026-07-06T13:59:34.733086Z 01O ( 2/26) Installing libtasn1 (4.21.0-r0)
2026-07-06T13:59:34.737539Z 01O ( 3/26) Installing p11-kit (0.26.2-r0)
2026-07-06T13:59:34.751462Z 01O ( 4/26) Installing p11-kit-trust (0.26.2-r0)
2026-07-06T13:59:34.762676Z 01O ( 5/26) Installing java-cacerts (1.1-r0)
2026-07-06T13:59:34.771577Z 01O ( 6/26) Installing openjdk21-jre-headless (21.0.11_p10-r0)
2026-07-06T13:59:35.610358Z 01O ( 7/26) Installing libxau (1.0.12-r0)
2026-07-06T13:59:35.616203Z 01O ( 8/26) Installing libmd (1.1.0-r0)
2026-07-06T13:59:35.621331Z 01O ( 9/26) Installing libbsd (0.12.2-r0)
2026-07-06T13:59:35.626471Z 01O (10/26) Installing libxdmcp (1.1.5-r1)
2026-07-06T13:59:35.631309Z 01O (11/26) Installing libxcb (1.17.0-r1)
2026-07-06T13:59:35.642731Z 01O (12/26) Installing libx11 (1.8.12-r1)
2026-07-06T13:59:35.667340Z 01O (13/26) Installing libxext (1.3.6-r2)
2026-07-06T13:59:35.679332Z 01O (14/26) Installing libxi (1.8.2-r0)
2026-07-06T13:59:35.686160Z 01O (15/26) Installing libxrender (0.9.12-r0)
2026-07-06T13:59:35.691218Z 01O (16/26) Installing libxtst (1.2.5-r0)
2026-07-06T13:59:35.696640Z 01O (17/26) Installing alsa-lib (1.2.14-r2)
2026-07-06T13:59:35.711683Z 01O (18/26) Installing libpng (1.6.58-r1)
2026-07-06T13:59:35.717220Z 01O (19/26) Installing freetype (2.14.1-r0)
2026-07-06T13:59:35.725944Z 01O (20/26) Installing giflib (5.2.2-r1)
2026-07-06T13:59:35.731567Z 01O (21/26) Installing libjpeg-turbo (3.1.2-r0)
2026-07-06T13:59:35.741094Z 01O (22/26) Installing lcms2 (2.19-r0)
2026-07-06T13:59:35.748021Z 01O (23/26) Installing openjdk21-jre (21.0.11_p10-r0)
2026-07-06T13:59:35.766922Z 01O (24/26) Installing openjdk21-jmods (21.0.11_p10-r0)
2026-07-06T13:59:36.206442Z 01O (25/26) Installing openjdk21-jdk (21.0.11_p10-r0)
2026-07-06T13:59:36.262156Z 01O (26/26) Installing maven (3.9.11-r0)
2026-07-06T13:59:36.349282Z 01O Executing busybox-1.37.0-r30.trigger
2026-07-06T13:59:36.359593Z 01O Executing java-common-1.0-r1.trigger
2026-07-06T13:59:36.397186Z 01O Executing ca-certificates-20251003-r0.trigger
2026-07-06T13:59:36.506073Z 01O OK: 450.6 MiB in 89 packages
2026-07-06T13:59:36.538988Z 01O [32;1m$ python3 -m pip install --break-system-packages robotframework[0;m
2026-07-06T13:59:36.963420Z 01O Collecting robotframework
2026-07-06T13:59:36.997257Z 01O   Downloading robotframework-7.4.2-py3-none-any.whl.metadata (7.6 kB)
2026-07-06T13:59:37.017910Z 01O Downloading robotframework-7.4.2-py3-none-any.whl (807 kB)
2026-07-06T13:59:37.047082Z 01O    ━━━━━━━━━━━━━━━━━━━━━━━━━━━━━━━━━━━━━━━━ 807.1/807.1 kB 34.2 MB/s eta 0:00:00
2026-07-06T13:59:37.070113Z 01O Installing collected packages: robotframework
2026-07-06T13:59:37.717787Z 01O Successfully installed robotframework-7.4.2
2026-07-06T13:59:37.717814Z 01E WARNING: Running pip as the 'root' user can result in broken permissions and conflicting behaviour with the system package manager, possibly rendering your system unusable. It is recommended to use a virtual environment instead: https://pip.pypa.io/warnings/venv. Use the --root-user-action option if you know what you are doing and want to suppress this warning.
2026-07-06T13:59:37.860502Z 01O [32;1m$ bash tests/system/run-system-tests.sh[0;m
2026-07-06T13:59:51.311945Z 01O Missing Robot Browser library. Install it with:
2026-07-06T13:59:51.311959Z 01O   python3 -m pip install -r tests/system/browser/requirements.txt
2026-07-06T13:59:51.311961Z 01O   rfbrowser init
2026-07-06T13:59:51.646991Z 00O section_end:1783346391:step_script
[0K
2026-07-06T13:59:51.650498Z 00O+section_start:1783346391:upload_artifacts_on_failure
[0K
2026-07-06T13:59:51.650516Z 00O+[0K[36;1mUploading artifacts for failed job[0;m[0;m
2026-07-06T13:59:51.953069Z 01O [32;1mUploading artifacts...[0;m
2026-07-06T13:59:52.002090Z 01E tests/system/results/: found 1 matching artifact files and directories[0;m 
2026-07-06T13:59:52.847916Z 01E Uploading artifacts as "archive" to coordinator... 201 Created[0;m  correlation_id[0;m=a16f21e63f54ffed-FRA id[0;m=15201862674 status[0;m=201 token[0;m=71_iaeTK3
2026-07-06T13:59:52.909107Z 01O [32;1mUploading artifacts...[0;m
2026-07-06T13:59:52.954702Z 01E [0;33mWARNING: tests/system/results/xunit.xml: no matching files. Ensure that the artifact path is relative to the working directory (/builds/civitas-connect/civitas-core/civitas-core-v2/civitas-core-deployment)[0;m 
2026-07-06T13:59:52.954717Z 01E [31;1mERROR: No files to upload                         [0;m 
2026-07-06T13:59:53.253796Z 00O section_end:1783346393:upload_artifacts_on_failure
[0K
2026-07-06T13:59:53.253964Z 00O+section_start:1783346393:cleanup_file_variables
[0K
2026-07-06T13:59:53.253970Z 00O+[0K[36;1mCleaning up project directory and file based variables[0;m[0;m
2026-07-06T13:59:53.770752Z 00O section_end:1783346393:cleanup_file_variables
[0K
2026-07-06T13:59:54.114653Z 00O [31;1mERROR: Job failed: exit code 1[0;m